###############################################################################
#
# IAR ELF Linker V8.20.1.14183/W32 for ARM                01/Mar/2020  04:05:10
# Copyright 2007-2017 IAR Systems AB.
#
#    Output file  =  
#        C:\Users\mokhw\Desktop\OneDrive -
#        명지대학교\RATS\2020_겨울방학\stm32_balancing_robot\EWARM\balancingbot\Exe\balancingbot.out
#    Map file     =  
#        C:\Users\mokhw\Desktop\OneDrive -
#        명지대학교\RATS\2020_겨울방학\stm32_balancing_robot\EWARM\balancingbot\List\balancingbot.map
#    Command line =  
#        -f C:\Users\mokhw\AppData\Local\Temp\EW164E.tmp
#        ("C:\Users\mokhw\Desktop\OneDrive -
#        명지대학교\RATS\2020_겨울방학\stm32_balancing_robot\EWARM\balancingbot\Obj\main.o"
#        "C:\Users\mokhw\Desktop\OneDrive -
#        명지대학교\RATS\2020_겨울방학\stm32_balancing_robot\EWARM\balancingbot\Obj\mokhw_MPU6050.o"
#        "C:\Users\mokhw\Desktop\OneDrive -
#        명지대학교\RATS\2020_겨울방학\stm32_balancing_robot\EWARM\balancingbot\Obj\sd_hal_mpu6050.o"
#        "C:\Users\mokhw\Desktop\OneDrive -
#        명지대학교\RATS\2020_겨울방학\stm32_balancing_robot\EWARM\balancingbot\Obj\startup_stm32f103xb.o"
#        "C:\Users\mokhw\Desktop\OneDrive -
#        명지대학교\RATS\2020_겨울방학\stm32_balancing_robot\EWARM\balancingbot\Obj\stm32f1xx_hal.o"
#        "C:\Users\mokhw\Desktop\OneDrive -
#        명지대학교\RATS\2020_겨울방학\stm32_balancing_robot\EWARM\balancingbot\Obj\stm32f1xx_hal_cortex.o"
#        "C:\Users\mokhw\Desktop\OneDrive -
#        명지대학교\RATS\2020_겨울방학\stm32_balancing_robot\EWARM\balancingbot\Obj\stm32f1xx_hal_dma.o"
#        "C:\Users\mokhw\Desktop\OneDrive -
#        명지대학교\RATS\2020_겨울방학\stm32_balancing_robot\EWARM\balancingbot\Obj\stm32f1xx_hal_exti.o"
#        "C:\Users\mokhw\Desktop\OneDrive -
#        명지대학교\RATS\2020_겨울방학\stm32_balancing_robot\EWARM\balancingbot\Obj\stm32f1xx_hal_flash.o"
#        "C:\Users\mokhw\Desktop\OneDrive -
#        명지대학교\RATS\2020_겨울방학\stm32_balancing_robot\EWARM\balancingbot\Obj\stm32f1xx_hal_flash_ex.o"
#        "C:\Users\mokhw\Desktop\OneDrive -
#        명지대학교\RATS\2020_겨울방학\stm32_balancing_robot\EWARM\balancingbot\Obj\stm32f1xx_hal_gpio.o"
#        "C:\Users\mokhw\Desktop\OneDrive -
#        명지대학교\RATS\2020_겨울방학\stm32_balancing_robot\EWARM\balancingbot\Obj\stm32f1xx_hal_gpio_ex.o"
#        "C:\Users\mokhw\Desktop\OneDrive -
#        명지대학교\RATS\2020_겨울방학\stm32_balancing_robot\EWARM\balancingbot\Obj\stm32f1xx_hal_i2c.o"
#        "C:\Users\mokhw\Desktop\OneDrive -
#        명지대학교\RATS\2020_겨울방학\stm32_balancing_robot\EWARM\balancingbot\Obj\stm32f1xx_hal_msp.o"
#        "C:\Users\mokhw\Desktop\OneDrive -
#        명지대학교\RATS\2020_겨울방학\stm32_balancing_robot\EWARM\balancingbot\Obj\stm32f1xx_hal_pwr.o"
#        "C:\Users\mokhw\Desktop\OneDrive -
#        명지대학교\RATS\2020_겨울방학\stm32_balancing_robot\EWARM\balancingbot\Obj\stm32f1xx_hal_rcc.o"
#        "C:\Users\mokhw\Desktop\OneDrive -
#        명지대학교\RATS\2020_겨울방학\stm32_balancing_robot\EWARM\balancingbot\Obj\stm32f1xx_hal_rcc_ex.o"
#        "C:\Users\mokhw\Desktop\OneDrive -
#        명지대학교\RATS\2020_겨울방학\stm32_balancing_robot\EWARM\balancingbot\Obj\stm32f1xx_hal_tim.o"
#        "C:\Users\mokhw\Desktop\OneDrive -
#        명지대학교\RATS\2020_겨울방학\stm32_balancing_robot\EWARM\balancingbot\Obj\stm32f1xx_hal_tim_ex.o"
#        "C:\Users\mokhw\Desktop\OneDrive -
#        명지대학교\RATS\2020_겨울방학\stm32_balancing_robot\EWARM\balancingbot\Obj\stm32f1xx_it.o"
#        "C:\Users\mokhw\Desktop\OneDrive -
#        명지대학교\RATS\2020_겨울방학\stm32_balancing_robot\EWARM\balancingbot\Obj\system_stm32f1xx.o"
#        --redirect _Printf=_PrintfFull --redirect _Scanf=_ScanfFull -o
#        "C:\Users\mokhw\Desktop\OneDrive -
#        명지대학교\RATS\2020_겨울방학\stm32_balancing_robot\EWARM\balancingbot\Exe\balancingbot.out"
#        --map "C:\Users\mokhw\Desktop\OneDrive -
#        명지대학교\RATS\2020_겨울방학\stm32_balancing_robot\EWARM\balancingbot\List\balancingbot.map"
#        --config "C:\Users\mokhw\Desktop\OneDrive -
#        명지대학교\RATS\2020_겨울방학\stm32_balancing_robot\EWARM/stm32f103xb_flash.icf"
#        --semihosting --entry __iar_program_start --vfe --text_out locale)
#
###############################################################################

*******************************************************************************
*** RUNTIME MODEL ATTRIBUTES
***

CppFlavor       = *
__SystemLibrary = DLib
__dlib_version  = 6


*******************************************************************************
*** HEAP SELECTION
***

The basic heap was selected because no calls to memory allocation
functions were found in the application outside of system library
functions, and there are calls to deallocation functions in the
application.


*******************************************************************************
*** PLACEMENT SUMMARY
***

"A0":  place at 0x08000000 { ro section .intvec };
"P1":  place in [from 0x08000000 to 0x0801ffff] { ro };
define block CSTACK with size = 1K, alignment = 8 { };
define block HEAP with size = 512, alignment = 8 { };
"P2":  place in [from 0x20000000 to 0x20004fff] {
          rw, block CSTACK, block HEAP };
initialize by copy { rw };

  Section            Kind        Address    Size  Object
  -------            ----        -------    ----  ------
"A0":                                       0xec
  .intvec            ro code  0x08000000    0xec  startup_stm32f103xb.o [1]
                            - 0x080000ec    0xec

"P1":                                     0x2f4e
  .text              ro code  0x080000ec   0x884  stm32f1xx_hal_i2c.o [1]
  .text              ro code  0x08000970   0x14c  stm32f1xx_hal_msp.o [1]
  .text              ro code  0x08000abc   0x4ca  stm32f1xx_hal_rcc.o [1]
  .text              ro code  0x08000f88     0xc  stm32f1xx_hal.o [1]
  .text              ro code  0x08000f94   0x1d4  stm32f1xx_hal_gpio.o [1]
  .text              ro code  0x08001168    0xc8  stm32f1xx_hal_cortex.o [1]
  .text              ro code  0x08001230     0x6  ABImemclr4.o [5]
  .text              ro code  0x08001238    0x40  stm32f1xx_hal.o [1]
  .text              ro code  0x08001278    0x32  ABImemset48.o [5]
  .text              ro code  0x080012ac   0x4fc  main.o [1]
  .text              ro code  0x080017a8    0x24  stm32f1xx_hal.o [1]
  .text              ro code  0x080017cc   0x48c  stm32f1xx_hal_tim.o [1]
  .text              ro code  0x08001c58    0x3e  stm32f1xx_hal_tim_ex.o [1]
  .text              ro code  0x08001c98   0x232  mokhw_MPU6050.o [1]
  .text              ro code  0x08001ecc    0x48  FltToDbl.o [4]
  .text              ro code  0x08001f14    0x22  S32ToDbl.o [4]
  .text              ro code  0x08001f38   0x246  DblDiv.o [4]
  .text              ro code  0x08002180    0x68  DblToFlt.o [4]
  .text              ro code  0x080021e8   0x1a2  DblMul.o [4]
  .text              ro code  0x0800238c    0xf2  sqrt.o [4]
  .text              ro code  0x08002480    0xa8  atan64.o [4]
  .text              ro code  0x08002528   0x178  DblAdd.o [4]
  .text              ro code  0x080026a0    0x80  FltSub.o [4]
  .text              ro code  0x08002720    0xd8  FltMul.o [4]
  .text              ro code  0x080027f8    0xe2  FltAdd.o [4]
  .text              ro code  0x080028dc    0x2a  FltToS32.o [4]
  .text              ro code  0x08002908    0x24  FltCmpGe.o [4]
  .text              ro code  0x0800292c    0x24  FltCmpLe.o [4]
  .text              ro code  0x08002950    0x1c  FltCmpEq.o [4]
  .text              ro code  0x0800296c     0x2  stm32f1xx_hal_tim.o [1]
  .text              ro code  0x0800296e     0x2  stm32f1xx_hal_tim.o [1]
  .text              ro code  0x08002970     0x2  stm32f1xx_hal_tim_ex.o [1]
  .text              ro code  0x08002972     0x2  stm32f1xx_hal_tim.o [1]
  .text              ro code  0x08002974     0x2  stm32f1xx_hal_tim_ex.o [1]
  .text              ro code  0x08002976     0x2  stm32f1xx_hal_tim.o [1]
  .text              ro code  0x08002978    0xfc  FltDiv.o [4]
  .text              ro code  0x08002a74    0x24  S32ToFlt.o [4]
  .text              ro code  0x08002a98    0x5c  system_stm32f1xx.o [1]
  .text              ro code  0x08002af8   0x250  iar_Atan64.o [4]
  .text              ro code  0x08002d48    0xd2  DblSub.o [4]
  .text              ro code  0x08002e1a    0x40  zero_init3.o [5]
  .text              ro code  0x08002e5a    0x38  packbits_init_single.o [5]
  .text              ro code  0x08002e94    0x28  data_init.o [5]
  .iar.init_table    const    0x08002ebc    0x20  - Linker created -
  .text              ro code  0x08002edc    0x20  stm32f1xx_it.o [1]
  .text              ro code  0x08002efc    0x10  stm32f1xx_hal.o [1]
  .text              ro code  0x08002f0c    0x1e  cmain.o [5]
  .text              ro code  0x08002f2a     0x4  low_level_init.o [3]
  .text              ro code  0x08002f2e     0x4  exit.o [3]
  .text              ro code  0x08002f34     0xa  cexit.o [5]
  .text              ro code  0x08002f40    0x14  exit.o [6]
  .text              ro code  0x08002f54    0x10  startup_stm32f103xb.o [1]
  .text              ro code  0x08002f64     0xc  cstartup_M.o [5]
  .rodata            const    0x08002f70     0x8  system_stm32f1xx.o [1]
  .text              ro code  0x08002f78     0x4  startup_stm32f103xb.o [1]
  .text              ro code  0x08002f7c     0x4  startup_stm32f103xb.o [1]
  .text              ro code  0x08002f80     0x4  startup_stm32f103xb.o [1]
  .text              ro code  0x08002f84     0x4  startup_stm32f103xb.o [1]
  .text              ro code  0x08002f88     0x4  startup_stm32f103xb.o [1]
  .text              ro code  0x08002f8c     0x4  startup_stm32f103xb.o [1]
  .text              ro code  0x08002f90     0x4  startup_stm32f103xb.o [1]
  .text              ro code  0x08002f94     0x4  startup_stm32f103xb.o [1]
  .text              ro code  0x08002f98     0x4  startup_stm32f103xb.o [1]
  .text              ro code  0x08002f9c     0x4  startup_stm32f103xb.o [1]
  .text              ro code  0x08002fa0     0x4  startup_stm32f103xb.o [1]
  .text              ro code  0x08002fa4     0x4  startup_stm32f103xb.o [1]
  .text              ro code  0x08002fa8     0x4  startup_stm32f103xb.o [1]
  .text              ro code  0x08002fac     0x4  startup_stm32f103xb.o [1]
  .text              ro code  0x08002fb0     0x4  startup_stm32f103xb.o [1]
  .text              ro code  0x08002fb4     0x4  startup_stm32f103xb.o [1]
  .text              ro code  0x08002fb8     0x4  startup_stm32f103xb.o [1]
  .text              ro code  0x08002fbc     0x4  startup_stm32f103xb.o [1]
  .text              ro code  0x08002fc0     0x4  startup_stm32f103xb.o [1]
  .text              ro code  0x08002fc4     0x4  startup_stm32f103xb.o [1]
  .text              ro code  0x08002fc8     0x4  startup_stm32f103xb.o [1]
  .text              ro code  0x08002fcc     0x4  startup_stm32f103xb.o [1]
  .text              ro code  0x08002fd0     0x4  startup_stm32f103xb.o [1]
  .text              ro code  0x08002fd4     0x4  startup_stm32f103xb.o [1]
  .text              ro code  0x08002fd8     0x4  startup_stm32f103xb.o [1]
  .text              ro code  0x08002fdc     0x4  startup_stm32f103xb.o [1]
  .text              ro code  0x08002fe0     0x4  startup_stm32f103xb.o [1]
  .text              ro code  0x08002fe4     0x4  startup_stm32f103xb.o [1]
  .text              ro code  0x08002fe8     0x4  startup_stm32f103xb.o [1]
  .text              ro code  0x08002fec     0x4  startup_stm32f103xb.o [1]
  .text              ro code  0x08002ff0     0x4  startup_stm32f103xb.o [1]
  .text              ro code  0x08002ff4     0x4  startup_stm32f103xb.o [1]
  .text              ro code  0x08002ff8     0x4  startup_stm32f103xb.o [1]
  .text              ro code  0x08002ffc     0x4  startup_stm32f103xb.o [1]
  .text              ro code  0x08003000     0x4  startup_stm32f103xb.o [1]
  .text              ro code  0x08003004     0x4  startup_stm32f103xb.o [1]
  .text              ro code  0x08003008     0x4  startup_stm32f103xb.o [1]
  .text              ro code  0x0800300c     0x4  startup_stm32f103xb.o [1]
  .text              ro code  0x08003010     0x4  startup_stm32f103xb.o [1]
  .text              ro code  0x08003014     0x4  startup_stm32f103xb.o [1]
  .text              ro code  0x08003018     0x4  startup_stm32f103xb.o [1]
  .text              ro code  0x0800301c     0x4  startup_stm32f103xb.o [1]
  .rodata            const    0x08003020     0x0  zero_init3.o [5]
  .rodata            const    0x08003020     0x0  packbits_init_single.o [5]
  Initializer bytes  const    0x08003020    0x1a  <for P2-1>
                            - 0x0800303a  0x2f4e

"P2", part 1 of 3:                          0x84
  P2-1                        0x20000000    0x84  <Init block>
    .data            inited   0x20000000    0x74  main.o [1]
    .data            inited   0x20000074     0xc  stm32f1xx_hal.o [1]
    .data            inited   0x20000080     0x4  system_stm32f1xx.o [1]
                            - 0x20000084    0x84

"P2", part 2 of 3:                          0xc0
  .bss               zero     0x20000084    0x54  main.o [1]
  .bss               zero     0x200000d8    0x40  main.o [1]
  .bss               zero     0x20000118    0x2c  main.o [1]
                            - 0x20000144    0xc0

"P2", part 3 of 3:                         0x400
  CSTACK                      0x20000148   0x400  <Block>
    CSTACK           uninit   0x20000148   0x400  <Block tail>
                            - 0x20000548   0x400


*******************************************************************************
*** INIT TABLE
***

          Address     Size
          -------     ----
Zero (__iar_zero_init3)
    1 destination range, total size 0xc0:
          0x20000084  0xc0

Copy/packbits (__iar_packbits_init_single3)
    1 source range, total size 0x1a (19% of destination):
          0x08003020  0x1a
    1 destination range, total size 0x84:
          0x20000000  0x84



*******************************************************************************
*** MODULE SUMMARY
***

    Module                  ro code  ro data  rw data
    ------                  -------  -------  -------
C:\Users\mokhw\Desktop\OneDrive - 명지대학교\RATS\2020_겨울방학\stm32_balancing_robot\EWARM\balancingbot\Obj: [1]
    main.o                    1 276       22      308
    mokhw_MPU6050.o             562
    startup_stm32f103xb.o       420
    stm32f1xx_hal.o             128        3       12
    stm32f1xx_hal_cortex.o      200
    stm32f1xx_hal_gpio.o        468
    stm32f1xx_hal_i2c.o       2 180
    stm32f1xx_hal_msp.o         332
    stm32f1xx_hal_rcc.o       1 226
    stm32f1xx_hal_tim.o       1 172
    stm32f1xx_hal_tim_ex.o       66
    stm32f1xx_it.o               32
    system_stm32f1xx.o           92        9        4
    -------------------------------------------------
    Total:                    8 154       34      324

command line: [2]
    -------------------------------------------------
    Total:

dl7M_tln.a: [3]
    exit.o                        4
    low_level_init.o              4
    -------------------------------------------------
    Total:                        8

m7M_tl.a: [4]
    DblAdd.o                    376
    DblDiv.o                    582
    DblMul.o                    418
    DblSub.o                    210
    DblToFlt.o                  104
    FltAdd.o                    226
    FltCmpEq.o                   28
    FltCmpGe.o                   36
    FltCmpLe.o                   36
    FltDiv.o                    252
    FltMul.o                    216
    FltSub.o                    128
    FltToDbl.o                   72
    FltToS32.o                   42
    S32ToDbl.o                   34
    S32ToFlt.o                   36
    atan64.o                    168
    iar_Atan64.o                592
    sqrt.o                      242
    -------------------------------------------------
    Total:                    3 798

rt7M_tl.a: [5]
    ABImemclr4.o                  6
    ABImemset48.o                50
    cexit.o                      10
    cmain.o                      30
    cstartup_M.o                 12
    data_init.o                  40
    packbits_init_single.o       56
    zero_init3.o                 64
    -------------------------------------------------
    Total:                      268

shb_l.a: [6]
    exit.o                       20
    -------------------------------------------------
    Total:                       20

    Gaps                         32
    Linker created                        32    1 024
-----------------------------------------------------
    Grand Total:             12 280       66    1 348


*******************************************************************************
*** ENTRY LIST
***

Entry                      Address   Size  Type      Object
-----                      -------   ----  ----      ------
.iar.init_table$$Base   0x08002ebc          --   Gb  - Linker created -
.iar.init_table$$Limit  0x08002edc          --   Gb  - Linker created -
?main                   0x08002f0d         Code  Gb  cmain.o [5]
AHBPrescTable           0x08002ae4   0x10  Data  Gb  system_stm32f1xx.o [1]
APBPrescTable           0x08002f70    0x8  Data  Gb  system_stm32f1xx.o [1]
BusFault_Handler        0x08002ee3    0x2  Code  Gb  stm32f1xx_it.o [1]
CSTACK$$Base            0x20000148          --   Gb  - Linker created -
CSTACK$$Limit           0x20000548          --   Gb  - Linker created -
DebugMon_Handler        0x08002ee9    0x2  Code  Gb  stm32f1xx_it.o [1]
HAL_GPIO_Init           0x08000f95  0x194  Code  Gb  stm32f1xx_hal_gpio.o [1]
HAL_GPIO_WritePin       0x08001129    0xc  Code  Gb  stm32f1xx_hal_gpio.o [1]
HAL_GetTick             0x08000f89    0xc  Code  Wk  stm32f1xx_hal.o [1]
HAL_I2C_Init            0x080000ed  0x110  Code  Gb  stm32f1xx_hal_i2c.o [1]
HAL_I2C_Master_Receive  0x08000347   0xf2  Code  Gb  stm32f1xx_hal_i2c.o [1]
HAL_I2C_Master_Transmit
                        0x08000219  0x124  Code  Gb  stm32f1xx_hal_i2c.o [1]
HAL_I2C_MspInit         0x080009ab   0x50  Code  Gb  stm32f1xx_hal_msp.o [1]
HAL_IncTick             0x08002efd   0x10  Code  Wk  stm32f1xx_hal.o [1]
HAL_Init                0x080017a9   0x20  Code  Gb  stm32f1xx_hal.o [1]
HAL_InitTick            0x08001239   0x40  Code  Wk  stm32f1xx_hal.o [1]
HAL_MspInit             0x08000971   0x3a  Code  Gb  stm32f1xx_hal_msp.o [1]
HAL_NVIC_EnableIRQ      0x080011db   0x16  Code  Gb  stm32f1xx_hal_cortex.o [1]
HAL_NVIC_SetPriority    0x080011a1   0x3a  Code  Gb  stm32f1xx_hal_cortex.o [1]
HAL_NVIC_SetPriorityGrouping
                        0x08001187   0x1a  Code  Gb  stm32f1xx_hal_cortex.o [1]
HAL_RCC_ClockConfig     0x08000de1   0xf6  Code  Gb  stm32f1xx_hal_rcc.o [1]
HAL_RCC_GetPCLK1Freq    0x08000f2f   0x10  Code  Gb  stm32f1xx_hal_rcc.o [1]
HAL_RCC_GetSysClockFreq
                        0x08000ef3   0x3c  Code  Gb  stm32f1xx_hal_rcc.o [1]
HAL_RCC_GetSysClockFreq::aPLLMULFactorTable
                        0x08000f74   0x10  Data  Lc  stm32f1xx_hal_rcc.o [1]
HAL_RCC_GetSysClockFreq::aPredivFactorTable
                        0x08000f84    0x2  Data  Lc  stm32f1xx_hal_rcc.o [1]
HAL_RCC_OscConfig       0x08000abd  0x31c  Code  Gb  stm32f1xx_hal_rcc.o [1]
HAL_SYSTICK_Config      0x080011f1   0x28  Code  Gb  stm32f1xx_hal_cortex.o [1]
HAL_TIMEx_BreakCallback
                        0x08002971    0x2  Code  Wk  stm32f1xx_hal_tim_ex.o [1]
HAL_TIMEx_CommutCallback
                        0x08002975    0x2  Code  Wk  stm32f1xx_hal_tim_ex.o [1]
HAL_TIMEx_MasterConfigSynchronization
                        0x08001c59   0x3e  Code  Gb  stm32f1xx_hal_tim_ex.o [1]
HAL_TIM_Base_Start_IT   0x080017cd   0x20  Code  Gb  stm32f1xx_hal_tim.o [1]
HAL_TIM_IRQHandler      0x08001871  0x142  Code  Gb  stm32f1xx_hal_tim.o [1]
HAL_TIM_MspPostInit     0x08000a47   0x3c  Code  Gb  stm32f1xx_hal_msp.o [1]
HAL_TIM_PWM_ConfigChannel
                        0x080019b9   0xc0  Code  Gb  stm32f1xx_hal_tim.o [1]
HAL_TIM_PWM_Init        0x08001801   0x1a  Code  Gb  stm32f1xx_hal_tim.o [1]
HAL_TIM_PWM_MspInit     0x080009fb   0x4c  Code  Gb  stm32f1xx_hal_msp.o [1]
HAL_TIM_PWM_Start       0x0800181b    0x2  Code  Gb  stm32f1xx_hal_tim.o [1]
HAL_TIM_PeriodElapsedCallback
                        0x0800149b   0x16  Code  Gb  main.o [1]
HardFault_Handler       0x08002edf    0x2  Code  Gb  stm32f1xx_it.o [1]
I2C_IsAcknowledgeFailed
                        0x08000941   0x30  Code  Lc  stm32f1xx_hal_i2c.o [1]
I2C_MasterRequestRead   0x08000685   0xbc  Code  Lc  stm32f1xx_hal_i2c.o [1]
I2C_WaitOnBTFFlagUntilTimeout
                        0x0800089b   0x38  Code  Lc  stm32f1xx_hal_i2c.o [1]
I2C_WaitOnFlagUntilTimeout
                        0x0800077b   0x5c  Code  Lc  stm32f1xx_hal_i2c.o [1]
I2C_WaitOnMasterAddressFlagUntilTimeout
                        0x080007d7   0x78  Code  Lc  stm32f1xx_hal_i2c.o [1]
I2C_WaitOnRXNEFlagUntilTimeout
                        0x080008f1   0x50  Code  Lc  stm32f1xx_hal_i2c.o [1]
I2C_WaitOnTXEFlagUntilTimeout
                        0x08000863   0x38  Code  Lc  stm32f1xx_hal_i2c.o [1]
MemManage_Handler       0x08002ee1    0x2  Code  Gb  stm32f1xx_it.o [1]
NMI_Handler             0x08002edd    0x2  Code  Gb  stm32f1xx_it.o [1]
PendSV_Handler          0x08002eeb    0x2  Code  Gb  stm32f1xx_it.o [1]
Region$$Table$$Base     0x08002ebc          --   Gb  - Linker created -
Region$$Table$$Limit    0x08002edc          --   Gb  - Linker created -
SVC_Handler             0x08002ee7    0x2  Code  Gb  stm32f1xx_it.o [1]
SysTick_Handler         0x08002eed    0x4  Code  Gb  stm32f1xx_it.o [1]
SystemClock_Config      0x08001745   0x54  Code  Gb  main.o [1]
SystemCoreClock         0x20000080    0x4  Data  Gb  system_stm32f1xx.o [1]
SystemInit              0x08002a99   0x3a  Code  Gb  system_stm32f1xx.o [1]
TIM2_IRQHandler         0x08002ef1    0x6  Code  Gb  stm32f1xx_it.o [1]
TIM_Base_SetConfig      0x08001aa1   0x5e  Code  Gb  stm32f1xx_hal_tim.o [1]
TIM_CCxChannelCmd       0x08001c3d   0x16  Code  Gb  stm32f1xx_hal_tim.o [1]
TIM_OC1_SetConfig       0x08001aff   0x44  Code  Lc  stm32f1xx_hal_tim.o [1]
TIM_OC2_SetConfig       0x08001b43   0x52  Code  Gb  stm32f1xx_hal_tim.o [1]
TIM_OC3_SetConfig       0x08001b95   0x4a  Code  Lc  stm32f1xx_hal_tim.o [1]
TIM_OC4_SetConfig       0x08001beb   0x40  Code  Lc  stm32f1xx_hal_tim.o [1]
UsageFault_Handler      0x08002ee5    0x2  Code  Gb  stm32f1xx_it.o [1]
WHO_AM_I                0x08001c99   0x4a  Code  Gb  mokhw_MPU6050.o [1]
__NVIC_SetPriority      0x08001169   0x1e  Code  Lc  stm32f1xx_hal_cortex.o [1]
__aeabi_cfcmpeq         0x08002951         Code  Gb  FltCmpEq.o [4]
__aeabi_cfcmple         0x0800292d         Code  Gb  FltCmpLe.o [4]
__aeabi_cfrcmple        0x08002909         Code  Gb  FltCmpGe.o [4]
__aeabi_d2f             0x08002181         Code  Gb  DblToFlt.o [4]
__aeabi_dadd            0x08002529         Code  Gb  DblAdd.o [4]
__aeabi_ddiv            0x08001f39         Code  Gb  DblDiv.o [4]
__aeabi_dmul            0x080021e9         Code  Gb  DblMul.o [4]
__aeabi_f2d             0x08001ecd         Code  Gb  FltToDbl.o [4]
__aeabi_f2iz            0x080028dd         Code  Gb  FltToS32.o [4]
__aeabi_fadd            0x080027f9         Code  Gb  FltAdd.o [4]
__aeabi_fdiv            0x08002979         Code  Gb  FltDiv.o [4]
__aeabi_fmul            0x08002721         Code  Gb  FltMul.o [4]
__aeabi_fsub            0x080026a1         Code  Gb  FltSub.o [4]
__aeabi_i2d             0x08001f15         Code  Gb  S32ToDbl.o [4]
__aeabi_i2f             0x08002a75         Code  Gb  S32ToFlt.o [4]
__aeabi_memclr4         0x08001231         Code  Gb  ABImemclr4.o [5]
__cmain                 0x08002f0d         Code  Gb  cmain.o [5]
__exit                  0x08002f41   0x14  Code  Gb  exit.o [6]
__iar_Atan64            0x08002af9  0x1b6  Code  Gb  iar_Atan64.o [4]
__iar_Memset4_word      0x08001279         Code  Gb  ABImemset48.o [5]
__iar_Memset8_word      0x08001279         Code  Gb  ABImemset48.o [5]
__iar_atan64            0x08002481   0xa8  Code  Gb  atan64.o [4]
__iar_dadd              0x08002d49         Code  Gb  DblSub.o [4]
__iar_data_init3        0x08002e95   0x28  Code  Gb  data_init.o [5]
__iar_dsub              0x08002539         Code  Gb  DblAdd.o [4]
__iar_dsubStart         0x0800254b         Code  Gb  DblAdd.o [4]
__iar_fadd              0x080026ad         Code  Gb  FltSub.o [4]
__iar_fsub              0x08002805         Code  Gb  FltAdd.o [4]
__iar_fsubStart         0x08002815         Code  Gb  FltAdd.o [4]
__iar_packbits_init_single3
                        0x08002e5b   0x38  Code  Gb  packbits_init_single.o [5]
__iar_program_start     0x08002f65         Code  Gb  cstartup_M.o [5]
__iar_sqrt64            0x0800238d         Code  Gb  sqrt.o [4]
__iar_systems$$module {Abs}
                        0x00000001         Data  Gb  command line/config [2]
__iar_zero_init3        0x08002e1b   0x40  Code  Gb  zero_init3.o [5]
__low_level_init        0x08002f2b    0x4  Code  Gb  low_level_init.o [3]
__vector_table          0x08000000         Data  Gb  startup_stm32f103xb.o [1]
_call_main              0x08002f19         Code  Gb  cmain.o [5]
_exit                   0x08002f35         Code  Gb  cexit.o [5]
_main                   0x08002f27         Code  Gb  cmain.o [5]
a                       0x08002d08   0x40  Data  Lc  iar_Atan64.o [4]
accel_x_angle           0x20000044    0x4  Data  Gb  main.o [1]
angle                   0x20000048    0x4  Data  Gb  main.o [1]
atan                    0x08002481   0xa8  Code  Gb  atan64.o [4]
atanl                   0x08002481   0xa8  Code  Gb  atan64.o [4]
back                    0x0800168d   0x2c  Code  Gb  main.o [1]
calculation_angle       0x080014b1   0xe4  Code  Gb  main.o [1]
d                       0x2000006c    0x4  Data  Gb  main.o [1]
error                   0x20000058    0x4  Data  Gb  main.o [1]
exit                    0x08002f2f    0x4  Code  Gb  exit.o [3]
go                      0x08001675   0x18  Code  Gb  main.o [1]
gyro_x_angle            0x20000040    0x4  Data  Gb  main.o [1]
hi2c2                   0x20000084   0x54  Data  Gb  main.o [1]
htim2                   0x200000d8   0x40  Data  Gb  main.o [1]
htim3                   0x20000000   0x40  Data  Gb  main.o [1]
i                       0x20000068    0x4  Data  Gb  main.o [1]
kd                      0x20000054    0x4  Data  Gb  main.o [1]
ki                      0x20000050    0x4  Data  Gb  main.o [1]
kp                      0x2000004c    0x4  Data  Gb  main.o [1]
main                    0x080012ad  0x1d2  Code  Gb  main.o [1]
my_mpu6050              0x20000118   0x2c  Data  Gb  main.o [1]
p                       0x20000064    0x4  Data  Gb  main.o [1]
pid                     0x0800159d   0xd0  Code  Gb  main.o [1]
pid_value               0x20000070    0x4  Data  Gb  main.o [1]
previous_error          0x2000005c    0x4  Data  Gb  main.o [1]
read_accel              0x08001e11   0x74  Code  Gb  mokhw_MPU6050.o [1]
read_gyro               0x08001da1   0x70  Code  Gb  mokhw_MPU6050.o [1]
set_point               0x20000060    0x4  Data  Gb  main.o [1]
set_sample_rate         0x08001cf9   0x1c  Code  Gb  mokhw_MPU6050.o [1]
set_sensitivity         0x08001d21   0x6c  Code  Gb  mokhw_MPU6050.o [1]
sqrt                    0x0800238d         Code  Gb  sqrt.o [4]
sqrtl                   0x0800238d         Code  Gb  sqrt.o [4]
stop                    0x080016c3   0x14  Code  Gb  main.o [1]
uwTick                  0x20000078    0x4  Data  Gb  stm32f1xx_hal.o [1]
uwTickFreq              0x20000074    0x1  Data  Gb  stm32f1xx_hal.o [1]
uwTickPrio              0x2000007c    0x4  Data  Gb  stm32f1xx_hal.o [1]
wake_up                 0x08001ce3   0x16  Code  Gb  mokhw_MPU6050.o [1]


[1] = C:\Users\mokhw\Desktop\OneDrive - 명지대학교\RATS\2020_겨울방학\stm32_balancing_robot\EWARM\balancingbot\Obj
[2] = command line
[3] = dl7M_tln.a
[4] = m7M_tl.a
[5] = rt7M_tl.a
[6] = shb_l.a

  12 280 bytes of readonly  code memory
      66 bytes of readonly  data memory
   1 348 bytes of readwrite data memory

Errors: none
Warnings: none
